/bin/echo 0 1 2
0 1 2
/bin/echo 3 4 5
3 4 5
/bin/echo 6 7 8
6 7 8
/bin/echo 9 10
9 10
